package nottestfiles

import (
	"context"
	"errors"
	"fmt"
	"runtime"
	"strings"
	"testing"
)

func bar() func(t *testing.T) {
	return func(t *testing.T) {
		t.Context() // want `context\.TODO\(\) could be replaced by t\.Context\(\) in .+`
	}
}

func bur(t *testing.T) func() {
	return func() {
		t.Context() // want `context\.TODO\(\) could be replaced by t\.Context\(\) in .+`
	}
}

func bir(t *testing.T) func() {
	t.Context() // want `context\.TODO\(\) could be replaced by t\.Context\(\) in .+`
	return func() {
		t.Context() // want `context\.TODO\(\) could be replaced by t\.Context\(\) in .+`
	}
}

func FunctionNoName(_ *testing.T) {
	context.TODO() // want `context\.TODO\(\) could be replaced by <t/b>\.Context\(\) in .+`
}

func FunctionTB(tb testing.TB) {
	tb.Context() // want `context\.TODO\(\) could be replaced by tb\.Context\(\) in .+`
}

func FunctionBench_ExprStmt(b *testing.B) {
	b.Context() // want `context\.TODO\(\) could be replaced by b\.Context\(\) in .+`
}

func FunctionExprStmt(t *testing.T) {
	t.Context() // want `context\.TODO\(\) could be replaced by t\.Context\(\) in .+`
}

func FunctionAssignStmt(t *testing.T) {
	ctx := t.Context() // want `context\.TODO\(\) could be replaced by t\.Context\(\) in .+`
	_ = ctx
}

func FunctionAssignStmt_ignore_return(t *testing.T) {
	_ = t.Context() // want `context\.TODO\(\) could be replaced by t\.Context\(\) in .+`
}

func FunctionIfStmt(t *testing.T) {
	if ctx := t.Context(); ctx != nil { // want `context\.TODO\(\) could be replaced by t\.Context\(\) in .+`
		// foo
	}
}

func TestName_RangeStmt(t *testing.T) {
	for range 5 {
		t.Context() // want `context\.TODO\(\) could be replaced by t\.Context\(\) in .+`
	}
}

func FunctionForStmt(t *testing.T) {
	for i := 0; i < 3; i++ {
		t.Context() // want `context\.TODO\(\) could be replaced by t\.Context\(\) in .+`
	}
}

func FunctionDeferStmt(t *testing.T) {
	defer t.Context() // want `context\.TODO\(\) could be replaced by t\.Context\(\) in .+`
}

func FunctionCallExpr(t *testing.T) {
	t.Log(t.Context()) // want `context\.TODO\(\) could be replaced by t\.Context\(\) in .+`
}

func FunctionCallExpr_deep(t *testing.T) {
	t.Log(
		fmt.Sprintf("here: %s, %s",
			strings.TrimSuffix(
				strings.TrimPrefix(
					fmt.Sprintf("%s",
						t.Context(), // want `context\.TODO\(\) could be replaced by t\.Context\(\) in .+`
					),
					"a",
				),
				"b",
			),
			"c",
		),
	)
}

func FunctionGoStmt(t *testing.T) {
	go func() {
		t.Context() // want `context\.TODO\(\) could be replaced by t\.Context\(\) in .+`
	}()
}

func FunctionGoStmt_arg(t *testing.T) {
	go func(ctx context.Context) {}(t.Context()) // want `context\.TODO\(\) could be replaced by t\.Context\(\) in .+`
}

func FunctionCallExpr_recursive(t *testing.T) {
	foo(t, "")
}

func foo(t *testing.T, s string) error {
	return foo(t, fmt.Sprintf("%s %s", s, t.Context())) // want `context\.TODO\(\) could be replaced by t\.Context\(\) in .+`
}

func FunctionFuncLit_ExprStmt(t *testing.T) {
	testCases := []struct {
		desc string
	}{
		{desc: ""},
	}

	for _, test := range testCases {
		t.Run(test.desc, func(t *testing.T) {
			t.Context() // want `context\.TODO\(\) could be replaced by t\.Context\(\) in .+`
		})
	}
}

func FunctionSwitchStmt(t *testing.T) {
	switch {
	case runtime.GOOS == "linux":
		t.Context() // want `context\.TODO\(\) could be replaced by t\.Context\(\) in .+`
	}
}

func FunctionSwitchStmt_case(t *testing.T) {
	switch {
	case t.Context() == nil: // want `context\.TODO\(\) could be replaced by t\.Context\(\) in .+`
		// noop
	}
}

func FunctionDeclStmt(t *testing.T) {
	var ctx context.Context = t.Context() // want `context\.TODO\(\) could be replaced by t\.Context\(\) in .+`
	_ = ctx
}

func FunctionDeclStmt_tuple(t *testing.T) {
	var err, ctx any = errors.New(""), t.Context() // want `context\.TODO\(\) could be replaced by t\.Context\(\) in .+`
	_ = err
	_ = ctx
}

func FunctionSelectStmt(t *testing.T) {
	doneCh := make(chan struct{})

	go func() {
		for {
			select {
			case <-doneCh:
				t.Context() // want `context\.TODO\(\) could be replaced by t\.Context\(\) in .+`
			}
		}
	}()
}

func FunctionDeferStmt_wrap(t *testing.T) {
	defer func() {
		t.Context() // want `context\.TODO\(\) could be replaced by t\.Context\(\) in .+`
	}()
}

func FunctionSelectStmt_anon_func(t *testing.T) {
	doneCh := make(chan struct{})

	go func() {
		for {
			select {
			case <-doneCh:
				func() {
					t.Context() // want `context\.TODO\(\) could be replaced by t\.Context\(\) in .+`
				}()
			}
		}
	}()
}

func FunctionBlockStmt(t *testing.T) {
	{
		t.Context() // want `context\.TODO\(\) could be replaced by t\.Context\(\) in .+`
	}
}

func FunctionTypeSwitchStmt(t *testing.T) {
	t.Context() // want `context\.TODO\(\) could be replaced by t\.Context\(\) in .+`
}

func FunctionTypeSwitchStmt_AssignStmt(t *testing.T) {
	switch v := t.Context().(type) { // want `context\.TODO\(\) could be replaced by t\.Context\(\) in .+`
	case error:
		_ = v
	}
}

func FunctionSwitchStmt_Tag(t *testing.T) {
	switch t.Context() { // want `context\.TODO\(\) could be replaced by t\.Context\(\) in .+`
	case nil:
	}
}

func foobar() {
	context.TODO()
}
