package nottestfiles

import (
	"os"
	"runtime"
	"strconv"
	"testing"
)

func bar() func(t *testing.T) {
	return func(t *testing.T) {
		os.CreateTemp(t.TempDir(), "") // want `os\.CreateTemp\("", \.\.\.\) could be replaced by os\.CreateTemp\(t\.TempDir\(\), \.\.\.\) in .+`
	}
}

func bur(t *testing.T) func() {
	return func() {
		os.CreateTemp(t.TempDir(), "") // want `os\.CreateTemp\("", \.\.\.\) could be replaced by os\.CreateTemp\(t\.TempDir\(\), \.\.\.\) in .+`
	}
}

func bir(t *testing.T) func() {
	os.CreateTemp(t.TempDir(), "") // want `os\.CreateTemp\("", \.\.\.\) could be replaced by os\.CreateTemp\(t\.TempDir\(\), \.\.\.\) in .+`
	return func() {
		os.CreateTemp(t.TempDir(), "") // want `os\.CreateTemp\("", \.\.\.\) could be replaced by os\.CreateTemp\(t\.TempDir\(\), \.\.\.\) in .+`
	}
}

func FunctionNoName(_ *testing.T) {
	os.CreateTemp("", "") // want `os\.CreateTemp\("", \.\.\.\) could be replaced by os\.CreateTemp\(<t/b>\.TempDir\(\), \.\.\.\) in .+`
}

func FunctionTB(tb testing.TB) {
	os.CreateTemp(tb.TempDir(), "") // want `os\.CreateTemp\("", \.\.\.\) could be replaced by os\.CreateTemp\(tb\.TempDir\(\), \.\.\.\) in .+`
}

func FunctionBench_ExprStmt(b *testing.B) {
	os.CreateTemp(b.TempDir(), "") // want `os\.CreateTemp\("", \.\.\.\) could be replaced by os\.CreateTemp\(b\.TempDir\(\), \.\.\.\) in .+`
}

func FunctionExprStmt(t *testing.T) {
	os.CreateTemp(t.TempDir(), "")   // want `os\.CreateTemp\("", \.\.\.\) could be replaced by os\.CreateTemp\(t\.TempDir\(\), \.\.\.\) in .+`
	os.CreateTemp(t.TempDir(), "xx") // want `os\.CreateTemp\("", \.\.\.\) could be replaced by os\.CreateTemp\(t\.TempDir\(\), \.\.\.\) in .+`
	os.CreateTemp(os.TempDir(), "xx")
	os.CreateTemp(t.TempDir(), "xx")
}

func FunctionAssignStmt(t *testing.T) {
	f, err := os.CreateTemp(t.TempDir(), "") // want `os\.CreateTemp\("", \.\.\.\) could be replaced by os\.CreateTemp\(t\.TempDir\(\), \.\.\.\) in .+`
	_ = err
	_ = f
}

func FunctionAssignStmt_ignore_return(t *testing.T) {
	_, _ = os.CreateTemp(t.TempDir(), "") // want `os\.CreateTemp\("", \.\.\.\) could be replaced by os\.CreateTemp\(t\.TempDir\(\), \.\.\.\) in .+`
}

func FunctionIfStmt(t *testing.T) {
	if _, err := os.CreateTemp(t.TempDir(), ""); err != nil { // want `os\.CreateTemp\("", \.\.\.\) could be replaced by os\.CreateTemp\(t\.TempDir\(\), \.\.\.\) in .+`
		// foo
	}
}

func TestName_RangeStmt(t *testing.T) {
	for i := range 5 {
		os.CreateTemp(t.TempDir(), strconv.Itoa(i)) // want `os\.CreateTemp\("", \.\.\.\) could be replaced by os\.CreateTemp\(t\.TempDir\(\), \.\.\.\) in .+`
	}
}

func FunctionForStmt(t *testing.T) {
	for i := 0; i < 3; i++ {
		os.CreateTemp(t.TempDir(), strconv.Itoa(i)) // want `os\.CreateTemp\("", \.\.\.\) could be replaced by os\.CreateTemp\(t\.TempDir\(\), \.\.\.\) in .+`
	}
}

func FunctionDeferStmt(t *testing.T) {
	defer os.CreateTemp(t.TempDir(), "") // want `os\.CreateTemp\("", \.\.\.\) could be replaced by os\.CreateTemp\(t\.TempDir\(\), \.\.\.\) in .+`
}

func FunctionCallExpr(t *testing.T) {
	t.Log(os.CreateTemp(t.TempDir(), "")) // want `os\.CreateTemp\("", \.\.\.\) could be replaced by os\.CreateTemp\(t\.TempDir\(\), \.\.\.\) in .+`
}

func FunctionGoStmt(t *testing.T) {
	go func() {
		os.CreateTemp(t.TempDir(), "") // want `os\.CreateTemp\("", \.\.\.\) could be replaced by os\.CreateTemp\(t\.TempDir\(\), \.\.\.\) in .+`
	}()
}

func FunctionGoStmt_arg(t *testing.T) {
	go func(v *os.File, err error) {}(os.CreateTemp(t.TempDir(), "")) // want `os\.CreateTemp\("", \.\.\.\) could be replaced by os\.CreateTemp\(t\.TempDir\(\), \.\.\.\) in .+`
}

func FunctionFuncLit_ExprStmt(t *testing.T) {
	testCases := []struct {
		desc string
	}{
		{desc: ""},
	}

	for _, test := range testCases {
		t.Run(test.desc, func(t *testing.T) {
			os.CreateTemp(t.TempDir(), "") // want `os\.CreateTemp\("", \.\.\.\) could be replaced by os\.CreateTemp\(t\.TempDir\(\), \.\.\.\) in .+`
		})
	}
}

func FunctionSwitchStmt(t *testing.T) {
	switch {
	case runtime.GOOS == "linux":
		os.CreateTemp(t.TempDir(), "") // want `os\.CreateTemp\("", \.\.\.\) could be replaced by os\.CreateTemp\(t\.TempDir\(\), \.\.\.\) in .+`
	}
}

func FunctionDeclStmt(t *testing.T) {
	var f, err any = os.CreateTemp(t.TempDir(), "") // want `os\.CreateTemp\("", \.\.\.\) could be replaced by os\.CreateTemp\(t\.TempDir\(\), \.\.\.\) in .+`
	_ = err
	_ = f
}

func FunctionSelectStmt(t *testing.T) {
	doneCh := make(chan struct{})

	go func() {
		for {
			select {
			case <-doneCh:
				os.CreateTemp(t.TempDir(), "") // want `os\.CreateTemp\("", \.\.\.\) could be replaced by os\.CreateTemp\(t\.TempDir\(\), \.\.\.\) in .+`
			}
		}
	}()
}

func FunctionDeferStmt_wrap(t *testing.T) {
	defer func() {
		os.CreateTemp(t.TempDir(), "") // want `os\.CreateTemp\("", \.\.\.\) could be replaced by os\.CreateTemp\(t\.TempDir\(\), \.\.\.\) in .+`
	}()
}

func FunctionSelectStmt_anon_func(t *testing.T) {
	doneCh := make(chan struct{})

	go func() {
		for {
			select {
			case <-doneCh:
				func() {
					os.CreateTemp(t.TempDir(), "") // want `os\.CreateTemp\("", \.\.\.\) could be replaced by os\.CreateTemp\(t\.TempDir\(\), \.\.\.\) in .+`
				}()
			}
		}
	}()
}

func FunctionBlockStmt(t *testing.T) {
	{
		os.CreateTemp(t.TempDir(), "") // want `os\.CreateTemp\("", \.\.\.\) could be replaced by os\.CreateTemp\(t\.TempDir\(\), \.\.\.\) in .+`
	}
}

func FunctionTypeSwitchStmt(t *testing.T) {
	os.CreateTemp(t.TempDir(), "") // want `os\.CreateTemp\("", \.\.\.\) could be replaced by os\.CreateTemp\(t\.TempDir\(\), \.\.\.\) in .+`
}

func foobar() {
	os.CreateTemp("", "")
}
